// Jest Snapshot v1, https://goo.gl/fbAQLP

exports[`<Main /> shoulder render the heading 1`] = `
.c0 {
  background-color: #06092b;
  height: 100%;
  width: 100%;
  display: -webkit-box;
  display: -webkit-flex;
  display: -ms-flexbox;
  display: flex;
  -webkit-flex-direction: column;
  -ms-flex-direction: column;
  flex-direction: column;
  -webkit-align-items: center;
  -webkit-box-align: center;
  -ms-flex-align: center;
  align-items: center;
  -webkit-box-pack: center;
  -webkit-justify-content: center;
  -ms-flex-pack: center;
  justify-content: center;
}

.c1 {
  font-size: 2rem;
  color: #d83a3a;
  margin-bottom: 1rem;
}

<main
  class="c0"
>
  <h1
    class="c1"
  >
     
    Boilerplatezada.
     
  </h1>
</main>
`
